package bytescutprefix

import (
	. "bytes"
)

var bss, bspre, bssuf []byte

// test supported cases of pattern 1
func _() {
	if after, ok := CutPrefix(bss, bspre); ok { // want "HasPrefix \\+ TrimPrefix can be simplified to CutPrefix"
		a := after
		_ = a
	}

	if before, ok := CutSuffix(bss, bssuf); ok { // want "HasSuffix \\+ TrimSuffix can be simplified to CutSuffix"
		b := before
		_ = b
	}
}
